This is the doctest for 4-print_square.py


>>> print_square = __import__("4-print_square").print_square
>>> print_square(3)
###
###
###
>>> print_square(3.5)
Traceback (most recent call last):
...
TypeError: size must be an integer
>>> print_square(-3)
Traceback (most recent call last):
...
ValueError: size must be >= 0
>>> print_square('a')
Traceback (most recent call last):
...
TypeError: size must be an integer
>>> print_square(0)
